// Vitest Snapshot v1, https://vitest.dev/guide/snapshot.html

exports[`no-negated-comparison > invalid > Invalid #0: !(a == b) 1`] = `"(a!=b)"`;

exports[`no-negated-comparison > invalid > Invalid #1: !(a === b) 1`] = `"(a!==b)"`;

exports[`no-negated-comparison > invalid > Invalid #2: !(a != b) 1`] = `"(a==b)"`;

exports[`no-negated-comparison > invalid > Invalid #3: !(a !== b) 1`] = `"(a===b)"`;

exports[`no-negated-comparison > invalid > Invalid #4: !(a < b) 1`] = `"(a>=b)"`;

exports[`no-negated-comparison > invalid > Invalid #5: !(a <= b) 1`] = `"(a>b)"`;

exports[`no-negated-comparison > invalid > Invalid #6: !(a > b) 1`] = `"(a<=b)"`;

exports[`no-negated-comparison > invalid > Invalid #7: !(a >= b) 1`] = `"(a<b)"`;
