// Vitest Snapshot v1, https://vitest.dev/guide/snapshot.html

exports[`no-useless-template-string > invalid > Invalid #0: const a = \`1\` 1`] = `"const a = "1""`;
