// Vitest Snapshot v1, https://vitest.dev/guide/snapshot.html

exports[`pad-after-last-import > invalid > Invalid #0: import a from "foo";
const b = 1; 1`] = `
"import a from "foo";

const b = 1;"
`;

exports[`pad-after-last-import > invalid > Invalid #1: import a from "foo";
// comment
const b = 1; 1`] = `
"import a from "foo";

// comment
const b = 1;"
`;
