// Vitest Snapshot v1, https://vitest.dev/guide/snapshot.html

exports[`require-async-with-await > invalid > () => { () => {}; await 1; } 1`] = `"async () => { () => {}; await 1; }"`;

exports[`require-async-with-await > invalid > () => { await 1; } 1`] = `"async () => { await 1; }"`;

exports[`require-async-with-await > invalid > () => { function a() { await 1; } } 1`] = `"() => { async function a() { await 1; } }"`;

exports[`require-async-with-await > invalid > class a { @foo a() { await 1; } } 1`] = `"class a { @foo async a() { await 1; } }"`;

exports[`require-async-with-await > invalid > class a { @foo static a() { await 1; } } 1`] = `"class a { @foo static async a() { await 1; } }"`;

exports[`require-async-with-await > invalid > class a { @foo static a() { await 1; } } 2`] = `"class a { @foo static async a() { await 1; } }"`;

exports[`require-async-with-await > invalid > class a { a = function a() { await 1; } } 1`] = `"class a { a = async function a() { await 1; } }"`;

exports[`require-async-with-await > invalid > class a { a() { await 1; } } 1`] = `"class a { async a() { await 1; } }"`;

exports[`require-async-with-await > invalid > class a { static a() { await 1; } } 1`] = `"class a { static async a() { await 1; } }"`;

exports[`require-async-with-await > invalid > const a = { a() { await 1; } } 1`] = `"const a = { async a() { await 1; } }"`;

exports[`require-async-with-await > invalid > function a() { await 1; } 1`] = `"async function a() { await 1; }"`;
